[oregonstate.edu/index.html]
[oregonstate.edu/sites/default/files/paragraphs/linc-quad_0.jpg]
[backblue.gif]
[fade.gif]
[index.html]
[oregonstate.edu/themes/osu/homepage/favicon.ico]
[oregonstate.edu/sites/default/files/google_tag/main_osu_container/google_tag.script16e5.js]
[oregonstate.edu/sites/default/files/css/css_CyTtQppJI79PcLrlMkUknLgutZCQFto97y1yKuiypmI.css]
[oregonstate.edu/sites/default/files/css/css_fneRFpVOGtBvl9_S6sS3VU-gzgcp87fyyedvfXWd0iQ.css]
[d1azc1qln24ryf.cloudfront.net/155267/OregonStateBrandIcons/style-cf.css]
[oregonstate.edu/sites/default/files/css/css_mZkn_ACQ9ZcuNmHzCkzC8jUVW0qtSRQwJ4kWGPfKmTI.css]
[app-script.monsido.com/v2/monsido-script.js]
[oregonstate.edu/about.html]
[oregonstate.edu/academics.html]
[oregonstate.edu/osuresearch.html]
[oregonstate.edu/future.html]
[oregonstate.edu/current.html]
[oregonstate.edu/faculty.html]
[oregonstate.edu/sites/default/files/myosu-profile_0.png]
[oregonstate.edu/sites/default/files/canvas-logo_0.png]
[oregonstate.edu/sites/default/files/thegoogs.png]
[oregonstate.edu/sites/default/files/2022-01/peace-march.jpg]
[oregonstate.edu/sites/default/files/2022-01/stories-medstaircase.png]
[oregonstate.edu/sites/default/files/2022-01/stories-MedStaircase.mp4]
[oregonstate.edu/stories/if-you-can-see-it-you-can-do-it.html]
[oregonstate.edu/sites/default/files/2022-01/Storytelling_animated_trevor-access.png]
[oregonstate.edu/sites/default/files/2022-01/trevor-access.mp4]
[oregonstate.edu/stories/barriers-dont-stop-trevor-denning-he-rolls-over-them.html]
[oregonstate.edu/sites/default/files/2021-12/stories-rainy-day.png]
[oregonstate.edu/sites/default/files/2021-12/stories-rainy-day.mp4]
[oregonstate.edu/stories/top-spots-escape-rain.html]
[oregonstate.edu/stories/all.html]
[oregonstate.edu/hotline-and-sexual-misconduct-reporting-and-services.html]
[oregonstate.edu/sites/default/files/2021-11/benny-head-top.png]
[oregonstate.edu/sites/default/files/2021-11/benny-head-bottom.png]
[oregonstate.edu/sites/default/files/2021-11/benny-log-2.png]
[oregonstate.edu/sites/default/files/2021-11/benny-log-1.png]
[oregonstate.edu/sites/default/files/2021-11/benny-log-3.png]
[oregonstate.edu/sites/default/files/2021-11/benny-log-4.png]
[code.jquery.com/jquery-3.6.0.min.js]
[oregonstate.edu/digital-millennium-copyright-act.html]
[oregonstate.edu/official-web-disclaimer.html]
[oregonstate.edu/sites/default/files/js/js_vDtsxEBq9fg3Fd4yB80hZ_Qd7rPC-mtwY6VWzsJJ5Lo.js]
[ajax.googleapis.com/ajax/libs/webfont/1.6.26/webfont.28.delayed]
[oregonstate.edu/sites/default/files/js/js_rxtnvu-6v9mTp-7bT3tV3EcYc8Sj_5e3wLJTPq08pZQ.js]
[oregonstate.edu/index.html]
[oregonstate.edu/sites/default/files/css/css_CyTtQppJI79PcLrlMkUknLgutZCQFto97y1yKuiypmI.css]
[oregonstate.edu/themes/osu/homepage/assets/images/repeatable-treeline.png]
[oregonstate.edu/sites/default/files/css/css_fneRFpVOGtBvl9_S6sS3VU-gzgcp87fyyedvfXWd0iQ.css]
[d1azc1qln24ryf.cloudfront.net/155267/OregonStateBrandIcons/style-cf.css]
[oregonstate.edu/sites/default/files/2021-02/lab.jpg]
[oregonstate.edu/sites/default/files/css/css_mZkn_ACQ9ZcuNmHzCkzC8jUVW0qtSRQwJ4kWGPfKmTI.css]
[oregonstate.edu/themes/osu/homepage/logo.svg]
[oregonstate.edu/sites/default/files/2021-03/default-meta-image-1200x630.jpg]
[oregonstate.edu/sites/default/files/css/css_ZqeXV79C2ZVZOuCd7mZQx7VlrIv1NEmYSNpuYRC8CJw.css]
[oregonstate.edu/land-acknowledgement.html]
[oregonstate.edu/podcasts.html]
[oregonstate.edu/sites/default/files/paragraphs/snowy-about-1900x800.jpg]
[oregonstate.edu/sites/default/files/paragraphs/mu-sunset-1900w-comp.jpg]
[oregonstate.edu/sites/default/files/2021-07/OSU-Cascades-800x533_0.jpg]
[oregonstate.edu/sites/default/files/2021-07/hatfield-800x533_0.jpg]
[oregonstate.edu/sites/default/files/2021-07/portland-cloudy-800x457_0.jpg]
[oregonstate.edu/sites/default/files/2021-07/mt-hood-800x534_0.jpg]
[oregonstate.edu/cultural-resource-centers.html]
[oregonstate.edu/sites/default/files/paragraphs/snow-students-1900x800.jpg]
[oregonstate.edu/sites/default/files/paragraphs/about-faculty-1900x800.jpg]
[oregonstate.edu/sites/default/files/paragraphs/alumni-1800x800c.jpg]
[oregonstate.edu/sites/default/files/2021-12/about-faculty-600x600.jpg]
[oregonstate.edu/sites/default/files/js/js_tAEcrGI3XI1zEmc3FxNmC3aVsjUKlmT_GZmdYI5IbMA.js]
[oregonstate.edu/sites/default/files/js/js_ix2VJNbuJNBxp2xsza8HhjXe50LRYdlwzCrCRE-5mCY.js]
[oregonstate.edu/about.html]
[oregonstate.edu/sites/default/files/css/css_kcpJl2G6pY5K3VUDCOc-bNWZUn5aisTSW0wP2rqcOn8.css]
[oregonstate.edu/sites/default/files/css/css_czcHFJH2l1cfsKUNr3lc2DDReeaei3_v0iDS4PQ-Fiw.css]
[oregonstate.edu/sites/default/files/styles/300x200_scale_crop/public/01_accountancy_1400x7008eaa.jpg]
[oregonstate.edu/academic-programs/accountancy.html]
[oregonstate.edu/sites/default/files/styles/300x200_scale_crop/public/02_agricultural_business_1400x700591f.jpg]
[oregonstate.edu/academic-programs/agricultural-and-food-business-management.html]
[oregonstate.edu/sites/default/files/styles/300x200_scale_crop/public/03_agricultural_science_1400x7004799.jpg]
[oregonstate.edu/academic-programs/agricultural-science.html]
[oregonstate.edu/sites/default/files/styles/300x200_scale_crop/public/04_american_studies_1400x70030b5.jpg]
[oregonstate.edu/academic-programs/american-studies.html]
[oregonstate.edu/sites/default/files/styles/300x200_scale_crop/public/05_animal-sciences_1400x700e349.jpg]
[oregonstate.edu/academic-programs/animal-sciences.html]
[oregonstate.edu/sites/default/files/styles/300x200_scale_crop/public/2021-01/anthropology-1400x700554c.jpg]
[oregonstate.edu/academic-programs/anthropology.html]
[oregonstate.edu/sites/default/files/styles/300x200_scale_crop/public/06-5_apparel-design1400x700a811.jpg]
[oregonstate.edu/academic-programs/apparel-design.html]
[oregonstate.edu/sites/default/files/styles/300x200_scale_crop/public/07_architectural-engineering_1400x7002187.jpg]
[oregonstate.edu/academic-programs/architectural-engineering.html]
[oregonstate.edu/sites/default/files/styles/300x200_scale_crop/public/07-5_art-1400x700b389.jpg]
[oregonstate.edu/academic-programs/art.html]
[oregonstate.edu/sites/default/files/styles/300x200_scale_crop/public/7-6_arts-media-tech-1400x700e874.jpg]
[oregonstate.edu/academic-programs/arts-media-and-technology.html]
[oregonstate.edu/sites/default/files/styles/300x200_scale_crop/public/08_biochemistry&biophysics_1400x700cbd9.jpg]
[oregonstate.edu/academic-programs/biochemistry-and-biophysics.html]
[oregonstate.edu/sites/default/files/styles/300x200_scale_crop/public/09_biochemistry&molecular-biology_1400x7008977.jpg]
[oregonstate.edu/academic-programs/biochemistry-and-molecular-biology.html]
[oregonstate.edu/academicsf875.html]
[oregonstate.edu/sites/default/files/js/js__GYPdTCdIxcpI7m1nMqBWZIvh0t-NgtNBpoLUlh4GSM.js]
[oregonstate.edu/academics.html]
[oregonstate.edu/sites/default/files/js/js_ArsLPvjzA--tX2oK7cB4MJVJEDm8p9Tv6fEvwCjJtJE.js]
[oregonstate.edu/sites/default/files/css/css_toehV4PKpJLbXSWt0yluQdereYWPQkfwRVFhA604JQI.css]
[oregonstate.edu/sites/default/files/paragraphs/research-hero-1900x800.jpg]
[oregonstate.edu/sites/default/files/2021-11/stories-Better_together_v4.png]
[oregonstate.edu/sites/default/files/2021-11/stories-better-together.mp4]
[oregonstate.edu/stories/beaver-nation-we-are-better-together.html]
[oregonstate.edu/sites/default/files/2021-09/stories-dog-harness.png]
[oregonstate.edu/sites/default/files/2021-09/dog-harness.mp4]
[oregonstate.edu/stories/dog-harness-made-more-walking.html]
[oregonstate.edu/sites/default/files/2021-08/stories-value-rec.png]
[oregonstate.edu/sites/default/files/2021-08/value-of-recreation.mp4]
[oregonstate.edu/stories/recreation-good-you-and-your-wallet.html]
[oregonstate.edu/sites/default/files/2021-08/stories-mecc.png]
[oregonstate.edu/sites/default/files/2021-08/marine-MECC.mp4]
[oregonstate.edu/stories/our-future-depends-alternative-energy-solutions.html]
[oregonstate.edu/sites/default/files/2021-06/stories-beautiful-flavorful-healthful.png]
[oregonstate.edu/sites/default/files/2021-06/beautiful-flavorful-healthful.mp4]
[oregonstate.edu/stories/beautiful-flavorful-healthful.html]
[oregonstate.edu/sites/default/files/2021-03/Impact2021_icon_PhD-Dancer_v1.png]
[oregonstate.edu/sites/default/files/2021-04/PhD-Dancer_v3.mp4]
[oregonstate.edu/stories/dancing-mechanisms-covid-19.html]
[oregonstate.edu/sites/default/files/2021-01/Impact2021_animated_icon_math-lab_v1.png]
[oregonstate.edu/sites/default/files/2021-04/collaboration-creativity.mp4]
[oregonstate.edu/stories/collaboration-creativity-effective-learning-all.html]
[oregonstate.edu/sites/default/files/2021-04/no-parent-left-behind-600x600.png]
[oregonstate.edu/sites/default/files/2021-04/no-parent-left-behind_0.mp4]
[oregonstate.edu/stories/no-parent-left-behind.html]
[oregonstate.edu/osuresearch.html]
[oregonstate.edu/sites/default/files/js/js_i7A32v4x1HwIDjEHXfBBahLLJs0IBqOEnGdW5nen50o.js]
[oregonstate.edu/sites/default/files/css/css_87alUqB-VA1tZJCpnce600GQPAZalhzrKm861IbbfJA.css]
[oregonstate.edu/sites/default/files/cascades.jpg]
[oregonstate.edu/sites/default/files/hatfield.jpg]
[oregonstate.edu/sites/default/files/portland.jpg]
[oregonstate.edu/future.html]
[oregonstate.edu/sites/default/files/paragraphs/current-student-winter-2100x900.jpg]
[oregonstate.edu/current.html]
[oregonstate.edu/sites/default/files/2021-07/spotify-code.png]
[oregonstate.edu/sites/default/files/css/css_l2TV6GB7935w0uBqG_-LwmjKa77N13vpKlkMcyRr3Vs.css]
[oregonstate.edu/sites/default/files/paragraphs/hpfaculty-winter-1900x800.jpg]
[oregonstate.edu/faculty.html]
[oregonstate.edu/sites/default/files/js/js_7NJoVYIb-_6_vXCOVDtRWhJtQpAfRofgaU3O8IwTPsc.js]
[oregonstate.edu/sites/default/files/css/css_B64vWOemnRI8QKAisk7aSEsRjuXDbKldJGTWthme2M8.css]
[oregonstate.edu/sites/default/files/css/css_Vzj7D8bmlWWYxpC8r5k3GeCodVg45LPFCx3xVc1F78w.css]
[oregonstate.edu/stories.html]
[oregonstate.edu/sites/default/files/2022-01/stories-medstaircase-jennie-480x640.jpg]
[oregonstate.edu/sites/default/files/2022-01/stories-med-mendoza-320x240.jpg]
[oregonstate.edu/topic/medicine.html]
[oregonstate.edu/story-location/portland.html]
[oregonstate.edu/sites/default/files/2021-11/stories-enrollment-2.png]
[oregonstate.edu/sites/default/files/2021-11/stories-enrollment-2.mp4]
[oregonstate.edu/stories/destination-choice-more-students.html]
[oregonstate.edu/sites/default/files/2021-04/path-to-inclusivity-600x600.png]
[oregonstate.edu/sites/default/files/2021-04/path-to-inclusivity.mp4]
[oregonstate.edu/stories/path-inclusivity-cannot-be-traveled-alone-it-takes-all-us.html]
[oregonstate.edu/sites/default/files/2021-01/Impact2021_icon_lab-tech-scientist_v1.png]
[oregonstate.edu/sites/default/files/2021-04/who-wins.mp4]
[oregonstate.edu/stories/who-wins-when-osu-cascades-partners-local-industry-everybody.html]
[oregonstate.edu/sites/default/files/2021-04/stories-winners-on-field-600x600.png]
[oregonstate.edu/sites/default/files/2021-04/winners-on-field.mp4]
[oregonstate.edu/stories/if-you-can-see-it-you-can-do-it.html]
[oregonstate.edu/stories/winners-field-leaders-everywhere.html]
[oregonstate.edu/sites/default/files/2022-01/stories-denning-480x640.jpg]
[oregonstate.edu/sites/default/files/paragraphs/stories-denning-1900x800.jpg]
[oregonstate.edu/topic/forestry.html]
[oregonstate.edu/topic/natural-resources.html]
[oregonstate.edu/topic/social-justice.html]
[oregonstate.edu/topic/student-life.html]
[oregonstate.edu/academic-units/college-agricultural-sciences.html]
[oregonstate.edu/academic-units/college-forestry.html]
[oregonstate.edu/story-location/corvallis.html]
[oregonstate.edu/sites/default/files/2021-11/stories-iew.png]
[oregonstate.edu/sites/default/files/2021-11/stories-iew.mp4]
[oregonstate.edu/stories/barriers-dont-stop-trevor-denning-he-rolls-over-them.html]
[oregonstate.edu/stories/instigating-change-has-ripple-effect.html]
[oregonstate.edu/sites/default/files/2021-12/hallie-ford-650x430.jpg]
[oregonstate.edu/sites/default/files/2021-12/interior-mu-650x430.jpg]
[oregonstate.edu/sites/default/files/2021-12/rotunda-650x430.jpg]
[oregonstate.edu/sites/default/files/2021-12/weatherford-nook-650x430.jpg]
[oregonstate.edu/sites/default/files/2021-12/sec-plaza-650x430.jpg]
[oregonstate.edu/sites/default/files/2021-12/kelley-overview-650x430.jpg]
[oregonstate.edu/sites/default/files/2021-12/peavy-atrium-650x430.jpg]
[oregonstate.edu/sites/default/files/2021-12/austin-abacus-650x430.jpg]
[oregonstate.edu/topic/culture.html]
[oregonstate.edu/sites/default/files/2020-12/Impact2021_animated_msi-humanities_v1.png]
[oregonstate.edu/sites/default/files/2021-04/forging-unique-career.mp4]
[oregonstate.edu/stories/forging-unique-career-path-she-now-leads-way-others.html]
[oregonstate.edu/sites/default/files/2021-01/Impact2021_animated_icon_tribal-law_v1.png]
[oregonstate.edu/sites/default/files/2021-04/water-essential.mp4]
[oregonstate.edu/stories/top-spots-escape-rain.html]
[oregonstate.edu/stories/water-essential-life-knowledge-essential-managing-it-wisely.html]
[oregonstate.edu/sites/default/files/css/css_ns0UJMqfdJJqS0bZvhZz6s1Vj3f6e8GX1aQwHdm3xW0.css]
[oregonstate.edu/sites/default/files/2021-10/stories-pride-month.png]
[oregonstate.edu/sites/default/files/2021-10/storytelling-icon_pride-month_v1.mp4]
[oregonstate.edu/stories/celebrating-queer-joy.html]
[oregonstate.edu/sites/default/files/2021-10/stories-fall-into-oregon.png]
[oregonstate.edu/sites/default/files/2021-10/storytelling_animated_road-trips_loop.mp4]
[oregonstate.edu/stories/fall-beauty-oregon.html]
[oregonstate.edu/sites/default/files/2021-07/Top10walks-stories.png]
[oregonstate.edu/sites/default/files/2021-07/top10walks_animated_icon.mp4]
[oregonstate.edu/stories/10-activities-your-mental-health.html]
[oregonstate.edu/sites/default/files/2021-05/stories-art-social-justice.png]
[oregonstate.edu/sites/default/files/2021-05/art-social-justice.mp4]
[oregonstate.edu/stories/art-social-justice.html]
[oregonstate.edu/sites/default/files/2021-04/his-work-roams-mars-stories-600x600.png]
[oregonstate.edu/sites/default/files/2021-04/mars-rover.mp4]
[oregonstate.edu/stories/his-work-roams-mars-his-journey-began-oregon-state.html]
[oregonstate.edu/stories/all2679.html]
[oregonstate.edu/stories/all.html]
[oregonstate.edu/sites/default/files/js/js_prtQK2mK3y2UZKAVi45wEzdN-JjuVYG7nN6e_ryTTZ0.js]
[oregonstate.edu/hotline-and-sexual-misconduct-reporting-and-services.html]
[oregonstate.edu/accessibility/index.html]
[oregonstate.edu/digital-millennium-copyright-act.html]
[oregonstate.edu/official-web-disclaimer.html]
[oregonstate.edu/themes/osu/homepage/assets/fonts/Stratum2WebThin.html]
[oregonstate.edu/themes/osu/homepage/assets/fonts/Stratum2WebThin-2.html]
[oregonstate.edu/themes/osu/homepage/assets/fonts/Stratum2WebLight.html]
[oregonstate.edu/themes/osu/homepage/assets/fonts/Stratum2WebLight-2.html]
[oregonstate.edu/themes/osu/homepage/assets/fonts/Stratum2WebRegular.html]
[oregonstate.edu/themes/osu/homepage/assets/fonts/Stratum2WebRegular-2.html]
[oregonstate.edu/themes/osu/homepage/assets/fonts/Stratum2WebMedium.html]
[oregonstate.edu/themes/osu/homepage/assets/fonts/Stratum2WebMedium-2.html]
[oregonstate.edu/themes/osu/homepage/assets/fonts/Stratum2WebBold.html]
[oregonstate.edu/themes/osu/homepage/assets/fonts/Stratum2WebBold-2.html]
[oregonstate.edu/themes/osu/homepage/assets/fonts/Stratum2WebBlack.html]
[oregonstate.edu/themes/osu/homepage/assets/fonts/Stratum2WebBlack-2.html]
[oregonstate.edu/themes/osu/homepage/assets/fonts/rufina-stencil-bold.html]
[oregonstate.edu/themes/osu/homepage/assets/fonts/rufina-stencil-bold-2.html]
[oregonstate.edu/sites/default/files/css/css_ZqeXV79C2ZVZOuCd7mZQx7VlrIv1NEmYSNpuYRC8CJw.css]
[oregonstate.edu/land-acknowledgement.html]
[oregonstate.edu/sites/default/files/paragraphs/Land-Acknowledgement.jpg]
[oregonstate.edu/sites/default/files/podcast-default-500x500.jpg]
[oregonstate.edu/sites/default/files/sport-podcast-500x500.jpg]
[oregonstate.edu/sites/default/files/2021-03/beaver-tracks-500x500.jpg]
[oregonstate.edu/sites/default/files/2020-07/career-lift.jpg]
[oregonstate.edu/sites/default/files/Science-Pub-Logo-500x500.jpg]
[oregonstate.edu/sites/default/files/2020-08/Dam-the-distance-podcast-400x400.jpg]
[oregonstate.edu/sites/default/files/engineering-out-loud-400x400.jpg]
[oregonstate.edu/sites/default/files/OID-500x500-compressor.jpg]
[oregonstate.edu/sites/default/files/2020-08/knowledge_quest-240x240.png]
[oregonstate.edu/sites/default/files/living-land.jpg]
[oregonstate.edu/sites/default/files/pollination-500x500.jpg]
[oregonstate.edu/sites/default/files/to-your-health-500x500.jpg]
[oregonstate.edu/sites/default/files/Whats_Next_500px_500px.png]
[oregonstate.edu/podcasts.html]
[oregonstate.edu/sites/default/files/WomensCenter-600w.png]
[oregonstate.edu/sites/default/files/CCCC-600w.png]
[oregonstate.edu/sites/default/files/PrideCenter-600w.png]
[oregonstate.edu/sites/default/files/Black-Cultural-Center-600w.png]
[oregonstate.edu/sites/default/files/longhouse-600w.png]
[oregonstate.edu/sites/default/files/Asian-Cultural-Center-600w.png]
[oregonstate.edu/sites/default/files/Ettihad-Center-600w.png]
[oregonstate.edu/cultural-resource-centers.html]
[oregonstate.edu/sites/default/files/css/css_kcpJl2G6pY5K3VUDCOc-bNWZUn5aisTSW0wP2rqcOn8.css]
[oregonstate.edu/sites/default/files/css/css_czcHFJH2l1cfsKUNr3lc2DDReeaei3_v0iDS4PQ-Fiw.css]
[oregonstate.edu/sites/default/files/01_accountancy_1400x700.jpg]
[oregonstate.edu/sites/default/files/css/css_CXzGJp0Oz6Z4NHUJJxKz5puu7HV_OgV9NLWsTbbQPAY.css]
[oregonstate.edu/sites/default/files/css/css_SxmU52brHZaUt86wuQ7USTx23gH8Bn_o6SYMbUlLCQk.css]
[oregonstate.edu/academic-programs/accountancy.html]
[oregonstate.edu/academic-programs/agricultural-and-food-business-management.html]
[oregonstate.edu/sites/default/files/03_agricultural_science_1400x700.jpg]
[oregonstate.edu/academic-programs/agricultural-science.html]
[oregonstate.edu/academic-programs/american-studies.html]
[oregonstate.edu/academic-programs/animal-sciences.html]
[oregonstate.edu/academic-programs/anthropology.html]
[oregonstate.edu/academic-programs/apparel-design.html]
[oregonstate.edu/academic-programs/architectural-engineering.html]
[oregonstate.edu/academic-programs/art.html]
[oregonstate.edu/academic-programs/arts-media-and-technology.html]
[oregonstate.edu/academic-programs/biochemistry-and-biophysics.html]
[oregonstate.edu/academic-programs/biochemistry-and-molecular-biology.html]
[oregonstate.edu/academicsf875.html]
[oregonstate.edu/sites/default/files/css/css_toehV4PKpJLbXSWt0yluQdereYWPQkfwRVFhA604JQI.css]
[oregonstate.edu/sites/default/files/2021-07/4grants-white.svg]
[oregonstate.edu/stories/beaver-nation-we-are-better-together.html]
[oregonstate.edu/stories/dog-harness-made-more-walking.html]
[oregonstate.edu/stories/recreation-good-you-and-your-wallet.html]
[oregonstate.edu/sites/default/files/2021-08/beringer-500h.jpg]
[oregonstate.edu/sites/default/files/2021-08/touchette-500h.jpg]
[oregonstate.edu/sites/default/files/2021-08/brandt-500h.jpg]
[oregonstate.edu/sites/default/files/2021-08/robertson-500h.jpg]
[oregonstate.edu/sites/default/files/2021-08/converter.mp4]
[oregonstate.edu/sites/default/files/paragraphs/converter-1900x600.jpg]
[oregonstate.edu/sites/default/files/2021-08/game.mp4]
[oregonstate.edu/topic/engineering.html]
[oregonstate.edu/topic/technology.html]
[oregonstate.edu/academic-units/college-engineering.html]
[oregonstate.edu/sites/default/files/2020-12/Impact2021_animated_plant-based-therapy_v1.png]
[oregonstate.edu/sites/default/files/2021-04/hope-is-blooming.mp4]
[oregonstate.edu/stories/our-future-depends-alternative-energy-solutions.html]
[oregonstate.edu/stories/hope-blooming-cystic-fibrosis-research.html]
[oregonstate.edu/sites/default/files/styles/640x480/public/2021-06/story-roma-tomato-800x6001a8c.jpg]
[oregonstate.edu/topic/agriculture.html]
[oregonstate.edu/topic/business.html]
[oregonstate.edu/topic/food.html]
[oregonstate.edu/topic/innovation.html]
[oregonstate.edu/story-location/us.html]
[oregonstate.edu/sites/default/files/2020-12/Impact2021_animated_electrical-mapping_v1.png]
[oregonstate.edu/sites/default/files/2021-04/we-think-about-power-grid.mp4]
[oregonstate.edu/stories/we-think-about-power-grid-so-you-dont-have.html]
[oregonstate.edu/stories/beautiful-flavorful-healthful.html]
[oregonstate.edu/stories/dancing-mechanisms-covid-19.html]
[oregonstate.edu/stories/collaboration-creativity-effective-learning-all.html]
[oregonstate.edu/stories/no-parent-left-behind.html]
[oregonstate.edu/sites/default/files/css/css_87alUqB-VA1tZJCpnce600GQPAZalhzrKm861IbbfJA.css]
[oregonstate.edu/sites/default/files/css/css_l2TV6GB7935w0uBqG_-LwmjKa77N13vpKlkMcyRr3Vs.css]
[oregonstate.edu/sites/default/files/css/css_B64vWOemnRI8QKAisk7aSEsRjuXDbKldJGTWthme2M8.css]
[oregonstate.edu/sites/default/files/css/css_Vzj7D8bmlWWYxpC8r5k3GeCodVg45LPFCx3xVc1F78w.css]
[oregonstate.edu/sites/default/files/2020-12/logo_orange-over-black-01.svg]
[oregonstate.edu/stories.html]
[oregonstate.edu/topic/medicine.html]
[oregonstate.edu/story-location/portland.html]
[oregonstate.edu/stories/destination-choice-more-students.html]
[oregonstate.edu/stories/path-inclusivity-cannot-be-traveled-alone-it-takes-all-us.html]
[oregonstate.edu/stories/who-wins-when-osu-cascades-partners-local-industry-everybody.html]
[oregonstate.edu/stories/winners-field-leaders-everywhere.html]
[oregonstate.edu/topic/forestry.html]
[oregonstate.edu/topic/natural-resources.html]
[oregonstate.edu/topic/social-justice.html]
[oregonstate.edu/topic/student-life.html]
[oregonstate.edu/academic-units/college-agricultural-sciences.html]
[oregonstate.edu/academic-units/college-forestry.html]
[oregonstate.edu/story-location/corvallis.html]
[oregonstate.edu/stories/instigating-change-has-ripple-effect.html]
[oregonstate.edu/topic/culture.html]
[oregonstate.edu/stories/forging-unique-career-path-she-now-leads-way-others.html]
[oregonstate.edu/stories/water-essential-life-knowledge-essential-managing-it-wisely.html]
[oregonstate.edu/sites/default/files/css/css_ns0UJMqfdJJqS0bZvhZz6s1Vj3f6e8GX1aQwHdm3xW0.css]
[oregonstate.edu/stories/celebrating-queer-joy.html]
[oregonstate.edu/stories/fall-beauty-oregon.html]
[oregonstate.edu/stories/10-activities-your-mental-health.html]
[oregonstate.edu/stories/art-social-justice.html]
[oregonstate.edu/stories/his-work-roams-mars-his-journey-began-oregon-state.html]
[oregonstate.edu/stories/all2679.html]
[oregonstate.edu/sites/default/files/css/css_CXzGJp0Oz6Z4NHUJJxKz5puu7HV_OgV9NLWsTbbQPAY.css]
[oregonstate.edu/sites/default/files/css/css_SxmU52brHZaUt86wuQ7USTx23gH8Bn_o6SYMbUlLCQk.css]
[oregonstate.edu/node/826]
[oregonstate.edu/node/831]
[oregonstate.edu/node/836]
[oregonstate.edu/node/841]
[oregonstate.edu/node/846]
[oregonstate.edu/node/851]
[oregonstate.edu/node/2001]
[oregonstate.edu/node/856]
[oregonstate.edu/node/4061]
[oregonstate.edu/node/2591]
[oregonstate.edu/topic/engineering.html]
[oregonstate.edu/topic/technology.html]
[oregonstate.edu/academic-units/college-engineering.html]
[oregonstate.edu/stories/hope-blooming-cystic-fibrosis-research.html]
[oregonstate.edu/topic/agriculture.html]
[oregonstate.edu/topic/business.html]
[oregonstate.edu/topic/food.html]
[oregonstate.edu/topic/innovation.html]
[oregonstate.edu/story-location/us.html]
[oregonstate.edu/stories/we-think-about-power-grid-so-you-dont-have.html]
